ingress manifest should match snapshot:
  1: |
    ingressClassName: nginx
    rules:
      - host: chart-example.local
        http:
          paths:
            - backend:
                service:
                  name: RELEASE-NAME-xnat-headless
                  port:
                    number: 80
              path: /
              pathType: Prefix
