service manifest should match snapshot:
  1: |
    ports:
      - name: http
        port: 80
        protocol: TCP
        targetPort: 8080
    selector:
      app.kubernetes.io/instance: RELEASE-NAME
      app.kubernetes.io/name: xnat
    type: ClusterIP
  2: |
    clusterIP: None
    ports:
      - name: http
        port: 80
        protocol: TCP
        targetPort: 8080
    selector:
      app.kubernetes.io/instance: RELEASE-NAME
      app.kubernetes.io/name: xnat
    sessionAffinity: ClientIP
    type: ClusterIP
