xnat-web-statefulst manifest should match snapshot:
  1: |
    containers:
      - command:
          - /bin/bash
          - -c
          - |
            /usr/local/tomcat/bin/catalina.sh run
        image: ghcr.io/ucl-mirsg/xnat-core:latest
        imagePullPolicy: IfNotPresent
        livenessProbe:
          failureThreshold: 1
          httpGet:
            path: /app/template/Login.vm#!
            port: http
          periodSeconds: 10
          timeoutSeconds: 5
        name: RELEASE-NAME
        ports:
          - containerPort: 8080
            name: http
            protocol: TCP
        readinessProbe:
          failureThreshold: 1
          httpGet:
            path: /app/template/Login.vm#!
            port: http
          periodSeconds: 10
          timeoutSeconds: 3
        resources:
          limits: {}
          requests:
            cpu: "1"
            memory: 2000Mi
        securityContext:
          runAsUser: 1000
        startupProbe:
          failureThreshold: 15
          httpGet:
            path: /app/template/Login.vm#!
            port: http
          initialDelaySeconds: 60
          periodSeconds: 30
        volumeMounts:
          - mountPath: /data/xnat/home/config/node-conf.properties
            name: node-conf
            subPath: node-conf.properties
          - mountPath: /data/xnat/home/config/xnat-conf.properties
            name: xnat-conf
            subPath: xnat-conf.properties
          - mountPath: /data/xnat/home/config/auth/openid1-provider.properties
            name: openid-conf
            readOnly: true
            subPath: openid1-provider.properties
          - mountPath: /data/xnat/build
            name: xnat-build
            subPath: null
          - mountPath: /data/xnat/cache
            name: xnat-cache
            subPath: null
          - mountPath: /data/xnat/home/logs
            name: xnat-home-logs
            subPath: null
          - mountPath: /data/xnat/home/work
            name: xnat-home-work
            subPath: null
          - mountPath: /usr/local/tomcat/logs
            name: catalina-logs
            subPath: null
          - mountPath: /data/xnat/archive
            name: xnat-archive
            subPath: null
          - mountPath: /data/xnat/prearchive
            name: xnat-prearchive
            subPath: null
      - command:
          - /bin/bash
          - -c
          - /bin/alloy run --server.http.listen-addr=0.0.0.0:12345 /etc/alloy/config.alloy
        image: grafana/alloy:latest
        name: RELEASE-NAME-log-reader
        volumeMounts:
          - mountPath: /etc/alloy/config.alloy
            name: alloy-config
            subPath: config.alloy
          - mountPath: /data/xnat/home/logs
            name: xnat-home-logs
            subPath: null
          - mountPath: /usr/local/tomcat/logs
            name: catalina-logs
            subPath: null
    imagePullSecrets:
      - name: ""
    initContainers:
      - command:
          - /bin/bash
          - -c
          - |
            set -e
            until psql -h RELEASE-NAME-postgresql-rw -c '\q'; do
              >&2 echo "Postgres is unavailable - sleeping"
              sleep 30
            done
            >&2 echo "Postgres is up"
        env:
          - name: PGUSER
            valueFrom:
              secretKeyRef:
                key: username
                name: pg-user-secret
          - name: PGPASSWORD
            valueFrom:
              secretKeyRef:
                key: password
                name: pg-user-secret
          - name: PGDATABASE
            value: xnat
        image: ghcr.io/ucl-mirsg/xnat-core:latest
        imagePullPolicy: IfNotPresent
        name: wait-for-postgres
      - command:
          - /bin/bash
          - -c
          - |
            set -x
            cat <<EOF > /xnat/xnat-conf.properties
            datasource.driver=org.postgresql.Driver
            datasource.url=jdbc:postgresql://RELEASE-NAME-postgresql-rw/xnat
            datasource.username=$(XNAT_DATASOURCE_USERNAME)
            datasource.password=$(XNAT_DATASOURCE_PASSWORD)
            hibernate.dialect=org.hibernate.dialect.PostgreSQL9Dialect
            hibernate.hbm2ddl.auto=update
            hibernate.show_sql=false
            hibernate.cache.use_second_level_cache=true
            hibernate.cache.use_query_cache=true
            EOF
        env:
          - name: XNAT_DATASOURCE_USERNAME
            valueFrom:
              secretKeyRef:
                key: username
                name: pg-user-secret
          - name: XNAT_DATASOURCE_PASSWORD
            valueFrom:
              secretKeyRef:
                key: password
                name: pg-user-secret
        image: ghcr.io/ucl-mirsg/xnat-core:latest
        imagePullPolicy: IfNotPresent
        name: xnat-datasource
        volumeMounts:
          - mountPath: /xnat
            name: xnat-conf
      - command:
          - /bin/bash
          - -c
          - |
            set -x
            echo "node.id=$HOSTNAME" > /xnat/node-conf.properties
        image: ghcr.io/ucl-mirsg/xnat-core:latest
        imagePullPolicy: IfNotPresent
        name: node-conf
        volumeMounts:
          - mountPath: /xnat
            name: node-conf
      - command:
          - /bin/bash
          - -c
          - |
            set -x
            cat <<EOF > /xnat/openid1-provider.properties
            name="UCL SSO"
            provider.id=openid1
            auth.method=openid
            auto.enabled=false
            auto.verified=false
            siteUrl=
            openid.openid1.clientId=$(OPENID_CLIENT_ID)
            openid.openid1.clientSecret=$(OPENID_CLIENT_SECRET)
            openid.openid1.accessTokenUri=
            openid.openid1.userAuthUri=
            openid.openid1.link=<a href="/openid-login?providerId=openid1"></a>
            openid.openid1.forceUserCreate=true
            openid.openid1.emailProperty=email
            openid.openid1.givenNameProperty=name
            openid.openid1.familyNameProperty=deliberately_unknown_property
            EOF
        env:
          - name: OPENID_CLIENT_ID
            valueFrom:
              secretKeyRef:
                key: clientId
                name: openid-secret
          - name: OPENID_CLIENT_SECRET
            valueFrom:
              secretKeyRef:
                key: clientSecret
                name: openid-secret
        image: ghcr.io/ucl-mirsg/xnat-core:latest
        imagePullPolicy: IfNotPresent
        name: openid-conf
        volumeMounts:
          - mountPath: /xnat
            name: openid-conf
    serviceAccountName: RELEASE-NAME-xnat
    volumes:
      - configMap:
          items:
            - key: config.alloy
              path: config.alloy
          name: RELEASE-NAME-xnat-alloy-config
        name: alloy-config
      - name: node-conf
      - name: xnat-conf
      - name: openid-conf
      - name: xnat-build
      - name: xnat-cache
      - name: xnat-home-logs
      - name: xnat-home-work
      - name: catalina-logs
      - name: xnat-archive
      - name: xnat-prearchive
  2: |
    - metadata:
        name: xnat-build
      spec:
        accessModes:
          - ReadWriteOnce
        resources:
          requests:
            storage: 1Gi
    - metadata:
        name: xnat-cache
      spec:
        accessModes:
          - ReadWriteOnce
        resources:
          requests:
            storage: 10Gi
    - metadata:
        name: xnat-home-logs
      spec:
        accessModes:
          - ReadWriteOnce
        resources:
          requests:
            storage: 10Gi
    - metadata:
        name: xnat-home-work
      spec:
        accessModes:
          - ReadWriteOnce
        resources:
          requests:
            storage: 10Gi
    - metadata:
        name: catalina-logs
      spec:
        accessModes:
          - ReadWriteOnce
        resources:
          requests:
            storage: 10Gi
    - metadata:
        name: xnat-archive
      spec:
        accessModes:
          - ReadWriteOnce
        resources:
          requests:
            storage: 10Gi
    - metadata:
        name: xnat-prearchive
      spec:
        accessModes:
          - ReadWriteOnce
        resources:
          requests:
            storage: 10Gi
